Archive member included to satisfy reference by file (symbol)

c:/st/stm32cubeide_1.5.1/stm32cubeide/plugins/com.st.stm32cube.ide.mcu.externaltools.gnu-tools-for-stm32.7-2018-q2-update.win32_1.5.0.202011040924/tools/bin/../lib/gcc/arm-none-eabi/7.3.1/../../../../arm-none-eabi/lib/thumb/v7e-m/fpv4-sp/hard\libc_nano.a(lib_a-errno.o)
                              Core/Src/syscalls.o (__errno)
c:/st/stm32cubeide_1.5.1/stm32cubeide/plugins/com.st.stm32cube.ide.mcu.externaltools.gnu-tools-for-stm32.7-2018-q2-update.win32_1.5.0.202011040924/tools/bin/../lib/gcc/arm-none-eabi/7.3.1/../../../../arm-none-eabi/lib/thumb/v7e-m/fpv4-sp/hard\libc_nano.a(lib_a-exit.o)
                              c:/st/stm32cubeide_1.5.1/stm32cubeide/plugins/com.st.stm32cube.ide.mcu.externaltools.gnu-tools-for-stm32.7-2018-q2-update.win32_1.5.0.202011040924/tools/bin/../lib/gcc/arm-none-eabi/7.3.1/../../../../arm-none-eabi/lib/thumb/v7e-m/fpv4-sp/hard/crt0.o (exit)
c:/st/stm32cubeide_1.5.1/stm32cubeide/plugins/com.st.stm32cube.ide.mcu.externaltools.gnu-tools-for-stm32.7-2018-q2-update.win32_1.5.0.202011040924/tools/bin/../lib/gcc/arm-none-eabi/7.3.1/../../../../arm-none-eabi/lib/thumb/v7e-m/fpv4-sp/hard\libc_nano.a(lib_a-impure.o)
                              c:/st/stm32cubeide_1.5.1/stm32cubeide/plugins/com.st.stm32cube.ide.mcu.externaltools.gnu-tools-for-stm32.7-2018-q2-update.win32_1.5.0.202011040924/tools/bin/../lib/gcc/arm-none-eabi/7.3.1/../../../../arm-none-eabi/lib/thumb/v7e-m/fpv4-sp/hard\libc_nano.a(lib_a-exit.o) (_global_impure_ptr)
c:/st/stm32cubeide_1.5.1/stm32cubeide/plugins/com.st.stm32cube.ide.mcu.externaltools.gnu-tools-for-stm32.7-2018-q2-update.win32_1.5.0.202011040924/tools/bin/../lib/gcc/arm-none-eabi/7.3.1/../../../../arm-none-eabi/lib/thumb/v7e-m/fpv4-sp/hard\libc_nano.a(lib_a-init.o)
                              c:/st/stm32cubeide_1.5.1/stm32cubeide/plugins/com.st.stm32cube.ide.mcu.externaltools.gnu-tools-for-stm32.7-2018-q2-update.win32_1.5.0.202011040924/tools/bin/../lib/gcc/arm-none-eabi/7.3.1/../../../../arm-none-eabi/lib/thumb/v7e-m/fpv4-sp/hard/crt0.o (__libc_init_array)
c:/st/stm32cubeide_1.5.1/stm32cubeide/plugins/com.st.stm32cube.ide.mcu.externaltools.gnu-tools-for-stm32.7-2018-q2-update.win32_1.5.0.202011040924/tools/bin/../lib/gcc/arm-none-eabi/7.3.1/../../../../arm-none-eabi/lib/thumb/v7e-m/fpv4-sp/hard\libc_nano.a(lib_a-memset.o)
                              c:/st/stm32cubeide_1.5.1/stm32cubeide/plugins/com.st.stm32cube.ide.mcu.externaltools.gnu-tools-for-stm32.7-2018-q2-update.win32_1.5.0.202011040924/tools/bin/../lib/gcc/arm-none-eabi/7.3.1/../../../../arm-none-eabi/lib/thumb/v7e-m/fpv4-sp/hard/crt0.o (memset)

Allocating common symbols
Common symbol       size              file

sFilterConfig       0x28              Core/Src/main.o
my_car_status_packet
                    0x8               Core/Src/main.o
my_session_packet   0x1               Core/Src/main.o
my_car_telemetry_packet
                    0x5               Core/Src/main.o
Rbuffer             0x8               Core/Src/main.o
hcan                0x28              Core/Src/main.o
uwTick              0x4               Drivers/STM32F3xx_HAL_Driver/Src/stm32f3xx_hal.o
pFlash              0x20              Drivers/STM32F3xx_HAL_Driver/Src/stm32f3xx_hal_flash.o
my_lap_data_packet  0x6               Core/Src/main.o
DEBUGbuffer         0x8               Core/Src/main.o
huart1              0x84              Core/Src/main.o
RxHeader            0x1c              Core/Src/main.o

Discarded input sections

 .text          0x0000000000000000        0x0 c:/st/stm32cubeide_1.5.1/stm32cubeide/plugins/com.st.stm32cube.ide.mcu.externaltools.gnu-tools-for-stm32.7-2018-q2-update.win32_1.5.0.202011040924/tools/bin/../lib/gcc/arm-none-eabi/7.3.1/thumb/v7e-m/fpv4-sp/hard/crti.o
 .data          0x0000000000000000        0x0 c:/st/stm32cubeide_1.5.1/stm32cubeide/plugins/com.st.stm32cube.ide.mcu.externaltools.gnu-tools-for-stm32.7-2018-q2-update.win32_1.5.0.202011040924/tools/bin/../lib/gcc/arm-none-eabi/7.3.1/thumb/v7e-m/fpv4-sp/hard/crti.o
 .bss           0x0000000000000000        0x0 c:/st/stm32cubeide_1.5.1/stm32cubeide/plugins/com.st.stm32cube.ide.mcu.externaltools.gnu-tools-for-stm32.7-2018-q2-update.win32_1.5.0.202011040924/tools/bin/../lib/gcc/arm-none-eabi/7.3.1/thumb/v7e-m/fpv4-sp/hard/crti.o
 .data          0x0000000000000000        0x4 c:/st/stm32cubeide_1.5.1/stm32cubeide/plugins/com.st.stm32cube.ide.mcu.externaltools.gnu-tools-for-stm32.7-2018-q2-update.win32_1.5.0.202011040924/tools/bin/../lib/gcc/arm-none-eabi/7.3.1/thumb/v7e-m/fpv4-sp/hard/crtbegin.o
 .text          0x0000000000000000       0x74 c:/st/stm32cubeide_1.5.1/stm32cubeide/plugins/com.st.stm32cube.ide.mcu.externaltools.gnu-tools-for-stm32.7-2018-q2-update.win32_1.5.0.202011040924/tools/bin/../lib/gcc/arm-none-eabi/7.3.1/../../../../arm-none-eabi/lib/thumb/v7e-m/fpv4-sp/hard/crt0.o
[...]
Memory Configuration

Name             Origin             Length             Attributes
CCMRAM           0x0000000010000000 0x0000000000001000 xrw
RAM              0x0000000020000000 0x0000000000003000 xrw
FLASH            0x0000000008000000 0x0000000000010000 xr
*default*        0x0000000000000000 0xffffffffffffffff

Linker script and memory map

LOAD c:/st/stm32cubeide_1.5.1/stm32cubeide/plugins/com.st.stm32cube.ide.mcu.externaltools.gnu-tools-for-stm32.7-2018-q2-update.win32_1.5.0.202011040924/tools/bin/../lib/gcc/arm-none-eabi/7.3.1/thumb/v7e-m/fpv4-sp/hard/crti.o
LOAD c:/st/stm32cubeide_1.5.1/stm32cubeide/plugins/com.st.stm32cube.ide.mcu.externaltools.gnu-tools-for-stm32.7-2018-q2-update.win32_1.5.0.202011040924/tools/bin/../lib/gcc/arm-none-eabi/7.3.1/thumb/v7e-m/fpv4-sp/hard/crtbegin.o
LOAD c:/st/stm32cubeide_1.5.1/stm32cubeide/plugins/com.st.stm32cube.ide.mcu.externaltools.gnu-tools-for-stm32.7-2018-q2-update.win32_1.5.0.202011040924/tools/bin/../lib/gcc/arm-none-eabi/7.3.1/../../../../arm-none-eabi/lib/thumb/v7e-m/fpv4-sp/hard/crt0.o
LOAD Core/Src/main.o
LOAD Core/Src/stm32f3xx_hal_msp.o
LOAD Core/Src/stm32f3xx_it.o
LOAD Core/Src/syscalls.o
LOAD Core/Src/sysmem.o
LOAD Core/Src/system_stm32f3xx.o
LOAD Core/Startup/startup_stm32f334r8tx.o
LOAD Drivers/STM32F3xx_HAL_Driver/Src/stm32f3xx_hal.o
LOAD Drivers/STM32F3xx_HAL_Driver/Src/stm32f3xx_hal_can.o
LOAD Drivers/STM32F3xx_HAL_Driver/Src/stm32f3xx_hal_cortex.o
LOAD Drivers/STM32F3xx_HAL_Driver/Src/stm32f3xx_hal_dma.o
LOAD Drivers/STM32F3xx_HAL_Driver/Src/stm32f3xx_hal_exti.o
LOAD Drivers/STM32F3xx_HAL_Driver/Src/stm32f3xx_hal_flash.o
LOAD Drivers/STM32F3xx_HAL_Driver/Src/stm32f3xx_hal_flash_ex.o
LOAD Drivers/STM32F3xx_HAL_Driver/Src/stm32f3xx_hal_gpio.o
LOAD Drivers/STM32F3xx_HAL_Driver/Src/stm32f3xx_hal_i2c.o
LOAD Drivers/STM32F3xx_HAL_Driver/Src/stm32f3xx_hal_i2c_ex.o
LOAD Drivers/STM32F3xx_HAL_Driver/Src/stm32f3xx_hal_pwr.o
LOAD Drivers/STM32F3xx_HAL_Driver/Src/stm32f3xx_hal_pwr_ex.o
LOAD Drivers/STM32F3xx_HAL_Driver/Src/stm32f3xx_hal_rcc.o
LOAD Drivers/STM32F3xx_HAL_Driver/Src/stm32f3xx_hal_rcc_ex.o
LOAD Drivers/STM32F3xx_HAL_Driver/Src/stm32f3xx_hal_tim.o
LOAD Drivers/STM32F3xx_HAL_Driver/Src/stm32f3xx_hal_tim_ex.o
LOAD Drivers/STM32F3xx_HAL_Driver/Src/stm32f3xx_hal_uart.o
LOAD Drivers/STM32F3xx_HAL_Driver/Src/stm32f3xx_hal_uart_ex.o
START GROUP
LOAD c:/st/stm32cubeide_1.5.1/stm32cubeide/plugins/com.st.stm32cube.ide.mcu.externaltools.gnu-tools-for-stm32.7-2018-q2-update.win32_1.5.0.202011040924/tools/bin/../lib/gcc/arm-none-eabi/7.3.1/../../../../arm-none-eabi/lib/thumb/v7e-m/fpv4-sp/hard\libc_nano.a
LOAD c:/st/stm32cubeide_1.5.1/stm32cubeide/plugins/com.st.stm32cube.ide.mcu.externaltools.gnu-tools-for-stm32.7-2018-q2-update.win32_1.5.0.202011040924/tools/bin/../lib/gcc/arm-none-eabi/7.3.1/../../../../arm-none-eabi/lib/thumb/v7e-m/fpv4-sp/hard\libm.a
END GROUP
START GROUP
LOAD c:/st/stm32cubeide_1.5.1/stm32cubeide/plugins/com.st.stm32cube.ide.mcu.externaltools.gnu-tools-for-stm32.7-2018-q2-update.win32_1.5.0.202011040924/tools/bin/../lib/gcc/arm-none-eabi/7.3.1/thumb/v7e-m/fpv4-sp/hard\libgcc.a
LOAD c:/st/stm32cubeide_1.5.1/stm32cubeide/plugins/com.st.stm32cube.ide.mcu.externaltools.gnu-tools-for-stm32.7-2018-q2-update.win32_1.5.0.202011040924/tools/bin/../lib/gcc/arm-none-eabi/7.3.1/../../../../arm-none-eabi/lib/thumb/v7e-m/fpv4-sp/hard\libc_nano.a
END GROUP
START GROUP
LOAD c:/st/stm32cubeide_1.5.1/stm32cubeide/plugins/com.st.stm32cube.ide.mcu.externaltools.gnu-tools-for-stm32.7-2018-q2-update.win32_1.5.0.202011040924/tools/bin/../lib/gcc/arm-none-eabi/7.3.1/thumb/v7e-m/fpv4-sp/hard\libgcc.a
LOAD c:/st/stm32cubeide_1.5.1/stm32cubeide/plugins/com.st.stm32cube.ide.mcu.externaltools.gnu-tools-for-stm32.7-2018-q2-update.win32_1.5.0.202011040924/tools/bin/../lib/gcc/arm-none-eabi/7.3.1/../../../../arm-none-eabi/lib/thumb/v7e-m/fpv4-sp/hard\libc_nano.a
LOAD c:/st/stm32cubeide_1.5.1/stm32cubeide/plugins/com.st.stm32cube.ide.mcu.externaltools.gnu-tools-for-stm32.7-2018-q2-update.win32_1.5.0.202011040924/tools/bin/../lib/gcc/arm-none-eabi/7.3.1/../../../../arm-none-eabi/lib/thumb/v7e-m/fpv4-sp/hard\libnosys.a
END GROUP
START GROUP
LOAD c:/st/stm32cubeide_1.5.1/stm32cubeide/plugins/com.st.stm32cube.ide.mcu.externaltools.gnu-tools-for-stm32.7-2018-q2-update.win32_1.5.0.202011040924/tools/bin/../lib/gcc/arm-none-eabi/7.3.1/thumb/v7e-m/fpv4-sp/hard\libgcc.a
LOAD c:/st/stm32cubeide_1.5.1/stm32cubeide/plugins/com.st.stm32cube.ide.mcu.externaltools.gnu-tools-for-stm32.7-2018-q2-update.win32_1.5.0.202011040924/tools/bin/../lib/gcc/arm-none-eabi/7.3.1/../../../../arm-none-eabi/lib/thumb/v7e-m/fpv4-sp/hard\libc_nano.a
LOAD c:/st/stm32cubeide_1.5.1/stm32cubeide/plugins/com.st.stm32cube.ide.mcu.externaltools.gnu-tools-for-stm32.7-2018-q2-update.win32_1.5.0.202011040924/tools/bin/../lib/gcc/arm-none-eabi/7.3.1/../../../../arm-none-eabi/lib/thumb/v7e-m/fpv4-sp/hard\libnosys.a
END GROUP
LOAD c:/st/stm32cubeide_1.5.1/stm32cubeide/plugins/com.st.stm32cube.ide.mcu.externaltools.gnu-tools-for-stm32.7-2018-q2-update.win32_1.5.0.202011040924/tools/bin/../lib/gcc/arm-none-eabi/7.3.1/thumb/v7e-m/fpv4-sp/hard/crtend.o
LOAD c:/st/stm32cubeide_1.5.1/stm32cubeide/plugins/com.st.stm32cube.ide.mcu.externaltools.gnu-tools-for-stm32.7-2018-q2-update.win32_1.5.0.202011040924/tools/bin/../lib/gcc/arm-none-eabi/7.3.1/thumb/v7e-m/fpv4-sp/hard/crtn.o
                0x0000000020003000                _estack = (ORIGIN (RAM) + LENGTH (RAM))
                0x0000000000000200                _Min_Heap_Size = 0x200
                0x0000000000000400                _Min_Stack_Size = 0x400

.isr_vector     0x0000000008000000      0x188
                0x0000000008000000                . = ALIGN (0x4)
 *(.isr_vector)
 .isr_vector    0x0000000008000000      0x188 Core/Startup/startup_stm32f334r8tx.o
                0x0000000008000000                g_pfnVectors
                0x0000000008000188                . = ALIGN (0x4)

.text           0x0000000008000188     0x33dc
                0x0000000008000188                . = ALIGN (0x4)
 *(.text)
 .text          0x0000000008000188       0x40 c:/st/stm32cubeide_1.5.1/stm32cubeide/plugins/com.st.stm32cube.ide.mcu.externaltools.gnu-tools-for-stm32.7-2018-q2-update.win32_1.5.0.202011040924/tools/bin/../lib/gcc/arm-none-eabi/7.3.1/thumb/v7e-m/fpv4-sp/hard/crtbegin.o
 *(.text*)
 .text.main     0x00000000080001c8      0x488 Core/Src/main.o
                0x00000000080001c8                main
 .text.SystemClock_Config
                0x0000000008000650       0xb2 Core/Src/main.o
                0x0000000008000650                SystemClock_Config
 *fill*         0x0000000008000702        0x2 
 .text.MX_CAN_Init
                0x0000000008000704       0x6c Core/Src/main.o
 .text.MX_USART1_UART_Init
                0x0000000008000770       0x60 Core/Src/main.o
 .text.MX_GPIO_Init
                0x00000000080007d0       0xe4 Core/Src/main.o
 .text.getdamageColorRG
                0x00000000080008b4       0x34 Core/Src/main.o
                0x00000000080008b4                getdamageColorRG
 .text.Error_Handler
                0x00000000080008e8        0x8 Core/Src/main.o
                0x00000000080008e8                Error_Handler
 .text.HAL_MspInit
                0x00000000080008f0       0x48 Core/Src/stm32f3xx_hal_msp.o
                0x00000000080008f0                HAL_MspInit
 .text.HAL_CAN_MspInit
                0x0000000008000938       0x98 Core/Src/stm32f3xx_hal_msp.o
                0x0000000008000938                HAL_CAN_MspInit
 .text.HAL_UART_MspInit
                0x00000000080009d0       0x88 Core/Src/stm32f3xx_hal_msp.o
                0x00000000080009d0                HAL_UART_MspInit
 .text.NMI_Handler
                0x0000000008000a58        0x6 Core/Src/stm32f3xx_it.o
                0x0000000008000a58                NMI_Handler
 .text.HardFault_Handler
                0x0000000008000a5e        0x6 Core/Src/stm32f3xx_it.o
                0x0000000008000a5e                HardFault_Handler
 .text.MemManage_Handler
                0x0000000008000a64        0x6 Core/Src/stm32f3xx_it.o
                0x0000000008000a64                MemManage_Handler
 .text.BusFault_Handler
                0x0000000008000a6a        0x6 Core/Src/stm32f3xx_it.o
                0x0000000008000a6a                BusFault_Handler
 .text.UsageFault_Handler
                0x0000000008000a70        0x6 Core/Src/stm32f3xx_it.o
                0x0000000008000a70                UsageFault_Handler
 .text.SVC_Handler
                0x0000000008000a76        0xe Core/Src/stm32f3xx_it.o
                0x0000000008000a76                SVC_Handler
 .text.DebugMon_Handler
                0x0000000008000a84        0xe Core/Src/stm32f3xx_it.o
                0x0000000008000a84                DebugMon_Handler
 .text.PendSV_Handler
                0x0000000008000a92        0xe Core/Src/stm32f3xx_it.o
                0x0000000008000a92                PendSV_Handler
 .text.SysTick_Handler
                0x0000000008000aa0        0xc Core/Src/stm32f3xx_it.o
                0x0000000008000aa0                SysTick_Handler
 .text.CAN_RX0_IRQHandler
                0x0000000008000aac       0xc0 Core/Src/stm32f3xx_it.o
                0x0000000008000aac                CAN_RX0_IRQHandler
 .text.EXTI15_10_IRQHandler
                0x0000000008000b6c       0x20 Core/Src/stm32f3xx_it.o
                0x0000000008000b6c                EXTI15_10_IRQHandler
 .text.SystemInit
                0x0000000008000b8c       0x24 Core/Src/system_stm32f3xx.o
                0x0000000008000b8c                SystemInit
 .text.Reset_Handler
                0x0000000008000bb0       0x50 Core/Startup/startup_stm32f334r8tx.o
                0x0000000008000bb0                Reset_Handler
 .text.Default_Handler
                0x0000000008000c00        0x2 Core/Startup/startup_stm32f334r8tx.o
                0x0000000008000c00                RTC_Alarm_IRQHandler
                0x0000000008000c00                HRTIM1_Master_IRQHandler
                0x0000000008000c00                TIM1_CC_IRQHandler
                0x0000000008000c00                HRTIM1_FLT_IRQHandler
                0x0000000008000c00                PVD_IRQHandler
                0x0000000008000c00                HRTIM1_TIMD_IRQHandler
                0x0000000008000c00                TAMP_STAMP_IRQHandler
                0x0000000008000c00                EXTI3_IRQHandler
                0x0000000008000c00                EXTI0_IRQHandler
                0x0000000008000c00                FPU_IRQHandler
                0x0000000008000c00                CAN_TX_IRQHandler
                0x0000000008000c00                TIM1_UP_TIM16_IRQHandler
                0x0000000008000c00                ADC1_2_IRQHandler
                0x0000000008000c00                HRTIM1_TIME_IRQHandler
                0x0000000008000c00                SPI1_IRQHandler
                0x0000000008000c00                CAN_SCE_IRQHandler
                0x0000000008000c00                HRTIM1_TIMC_IRQHandler
                0x0000000008000c00                DMA1_Channel4_IRQHandler
                0x0000000008000c00                USART3_IRQHandler
                0x0000000008000c00                DMA1_Channel7_IRQHandler
                0x0000000008000c00                TIM7_DAC2_IRQHandler
                0x0000000008000c00                CAN_RX1_IRQHandler
                0x0000000008000c00                I2C1_EV_IRQHandler
                0x0000000008000c00                DMA1_Channel6_IRQHandler
                0x0000000008000c00                TIM3_IRQHandler
                0x0000000008000c00                RCC_IRQHandler
                0x0000000008000c00                DMA1_Channel1_IRQHandler
                0x0000000008000c00                Default_Handler
                0x0000000008000c00                COMP2_IRQHandler
                0x0000000008000c00                HRTIM1_TIMA_IRQHandler
                0x0000000008000c00                TIM6_DAC1_IRQHandler
                0x0000000008000c00                EXTI9_5_IRQHandler
                0x0000000008000c00                RTC_WKUP_IRQHandler
                0x0000000008000c00                DMA1_Channel5_IRQHandler
                0x0000000008000c00                EXTI4_IRQHandler
                0x0000000008000c00                HRTIM1_TIMB_IRQHandler
                0x0000000008000c00                TIM1_TRG_COM_TIM17_IRQHandler
                0x0000000008000c00                DMA1_Channel3_IRQHandler
                0x0000000008000c00                WWDG_IRQHandler
                0x0000000008000c00                TIM2_IRQHandler
                0x0000000008000c00                EXTI1_IRQHandler
                0x0000000008000c00                COMP4_6_IRQHandler
                0x0000000008000c00                USART2_IRQHandler
                0x0000000008000c00                DMA1_Channel2_IRQHandler
                0x0000000008000c00                FLASH_IRQHandler
                0x0000000008000c00                USART1_IRQHandler
                0x0000000008000c00                I2C1_ER_IRQHandler
                0x0000000008000c00                EXTI2_TSC_IRQHandler
                0x0000000008000c00                TIM1_BRK_TIM15_IRQHandler
 *fill*         0x0000000008000c02        0x2 
 .text.HAL_Init
                0x0000000008000c04       0x2c Drivers/STM32F3xx_HAL_Driver/Src/stm32f3xx_hal.o
                0x0000000008000c04                HAL_Init
 .text.HAL_InitTick
                0x0000000008000c30       0x60 Drivers/STM32F3xx_HAL_Driver/Src/stm32f3xx_hal.o
                0x0000000008000c30                HAL_InitTick
 .text.HAL_IncTick
                0x0000000008000c90       0x28 Drivers/STM32F3xx_HAL_Driver/Src/stm32f3xx_hal.o
                0x0000000008000c90                HAL_IncTick
 .text.HAL_GetTick
                0x0000000008000cb8       0x18 Drivers/STM32F3xx_HAL_Driver/Src/stm32f3xx_hal.o
                0x0000000008000cb8                HAL_GetTick
 .text.HAL_CAN_Init
                0x0000000008000cd0      0x1f6 Drivers/STM32F3xx_HAL_Driver/Src/stm32f3xx_hal_can.o
                0x0000000008000cd0                HAL_CAN_Init
 .text.HAL_CAN_ConfigFilter
                0x0000000008000ec6      0x194 Drivers/STM32F3xx_HAL_Driver/Src/stm32f3xx_hal_can.o
                0x0000000008000ec6                HAL_CAN_ConfigFilter
 .text.HAL_CAN_Start
                0x000000000800105a       0x88 Drivers/STM32F3xx_HAL_Driver/Src/stm32f3xx_hal_can.o
                0x000000000800105a                HAL_CAN_Start
 .text.HAL_CAN_GetRxMessage
                0x00000000080010e2      0x224 Drivers/STM32F3xx_HAL_Driver/Src/stm32f3xx_hal_can.o
                0x00000000080010e2                HAL_CAN_GetRxMessage
 .text.HAL_CAN_ActivateNotification
                0x0000000008001306       0x4c Drivers/STM32F3xx_HAL_Driver/Src/stm32f3xx_hal_can.o
                0x0000000008001306                HAL_CAN_ActivateNotification
 *fill*         0x0000000008001352        0x2 
 .text.__NVIC_SetPriorityGrouping
                0x0000000008001354       0x48 Drivers/STM32F3xx_HAL_Driver/Src/stm32f3xx_hal_cortex.o
 .text.__NVIC_GetPriorityGrouping
                0x000000000800139c       0x1c Drivers/STM32F3xx_HAL_Driver/Src/stm32f3xx_hal_cortex.o
 .text.__NVIC_EnableIRQ
                0x00000000080013b8       0x3c Drivers/STM32F3xx_HAL_Driver/Src/stm32f3xx_hal_cortex.o
 .text.__NVIC_SetPriority
                0x00000000080013f4       0x54 Drivers/STM32F3xx_HAL_Driver/Src/stm32f3xx_hal_cortex.o
 .text.NVIC_EncodePriority
                0x0000000008001448       0x66 Drivers/STM32F3xx_HAL_Driver/Src/stm32f3xx_hal_cortex.o
 *fill*         0x00000000080014ae        0x2 
 .text.SysTick_Config
                0x00000000080014b0       0x44 Drivers/STM32F3xx_HAL_Driver/Src/stm32f3xx_hal_cortex.o
 .text.HAL_NVIC_SetPriorityGrouping
                0x00000000080014f4       0x16 Drivers/STM32F3xx_HAL_Driver/Src/stm32f3xx_hal_cortex.o
                0x00000000080014f4                HAL_NVIC_SetPriorityGrouping
 .text.HAL_NVIC_SetPriority
                0x000000000800150a       0x38 Drivers/STM32F3xx_HAL_Driver/Src/stm32f3xx_hal_cortex.o
                0x000000000800150a                HAL_NVIC_SetPriority
 .text.HAL_NVIC_EnableIRQ
                0x0000000008001542       0x1c Drivers/STM32F3xx_HAL_Driver/Src/stm32f3xx_hal_cortex.o
                0x0000000008001542                HAL_NVIC_EnableIRQ
 .text.HAL_SYSTICK_Config
                0x000000000800155e       0x18 Drivers/STM32F3xx_HAL_Driver/Src/stm32f3xx_hal_cortex.o
                0x000000000800155e                HAL_SYSTICK_Config
 *fill*         0x0000000008001576        0x2 
 .text.HAL_GPIO_Init
                0x0000000008001578      0x2e4 Drivers/STM32F3xx_HAL_Driver/Src/stm32f3xx_hal_gpio.o
                0x0000000008001578                HAL_GPIO_Init
 .text.HAL_GPIO_WritePin
                0x000000000800185c       0x30 Drivers/STM32F3xx_HAL_Driver/Src/stm32f3xx_hal_gpio.o
                0x000000000800185c                HAL_GPIO_WritePin
 .text.HAL_GPIO_TogglePin
                0x000000000800188c       0x34 Drivers/STM32F3xx_HAL_Driver/Src/stm32f3xx_hal_gpio.o
                0x000000000800188c                HAL_GPIO_TogglePin
 .text.HAL_GPIO_EXTI_IRQHandler
                0x00000000080018c0       0x30 Drivers/STM32F3xx_HAL_Driver/Src/stm32f3xx_hal_gpio.o
                0x00000000080018c0                HAL_GPIO_EXTI_IRQHandler
 .text.HAL_GPIO_EXTI_Callback
                0x00000000080018f0       0x16 Drivers/STM32F3xx_HAL_Driver/Src/stm32f3xx_hal_gpio.o
                0x00000000080018f0                HAL_GPIO_EXTI_Callback
 *fill*         0x0000000008001906        0x2 
 .text.HAL_RCC_OscConfig
                0x0000000008001908      0xe10 Drivers/STM32F3xx_HAL_Driver/Src/stm32f3xx_hal_rcc.o
                0x0000000008001908                HAL_RCC_OscConfig
 .text.HAL_RCC_ClockConfig
                0x0000000008002718      0x2f8 Drivers/STM32F3xx_HAL_Driver/Src/stm32f3xx_hal_rcc.o
                0x0000000008002718                HAL_RCC_ClockConfig
 .text.HAL_RCC_GetSysClockFreq
                0x0000000008002a10       0xd4 Drivers/STM32F3xx_HAL_Driver/Src/stm32f3xx_hal_rcc.o
                0x0000000008002a10                HAL_RCC_GetSysClockFreq
 .text.HAL_RCC_GetHCLKFreq
                0x0000000008002ae4       0x18 Drivers/STM32F3xx_HAL_Driver/Src/stm32f3xx_hal_rcc.o
                0x0000000008002ae4                HAL_RCC_GetHCLKFreq
 .text.HAL_RCC_GetPCLK1Freq
                0x0000000008002afc       0x44 Drivers/STM32F3xx_HAL_Driver/Src/stm32f3xx_hal_rcc.o
                0x0000000008002afc                HAL_RCC_GetPCLK1Freq
 .text.HAL_RCC_GetPCLK2Freq
                0x0000000008002b40       0x44 Drivers/STM32F3xx_HAL_Driver/Src/stm32f3xx_hal_rcc.o
                0x0000000008002b40                HAL_RCC_GetPCLK2Freq
 .text.HAL_RCCEx_PeriphCLKConfig
                0x0000000008002b84      0x26c Drivers/STM32F3xx_HAL_Driver/Src/stm32f3xx_hal_rcc_ex.o
                0x0000000008002b84                HAL_RCCEx_PeriphCLKConfig
 .text.HAL_UART_Init
                0x0000000008002df0       0x9c Drivers/STM32F3xx_HAL_Driver/Src/stm32f3xx_hal_uart.o
                0x0000000008002df0                HAL_UART_Init
 .text.HAL_UART_Transmit
                0x0000000008002e8c      0x128 Drivers/STM32F3xx_HAL_Driver/Src/stm32f3xx_hal_uart.o
                0x0000000008002e8c                HAL_UART_Transmit
 .text.UART_SetConfig
                0x0000000008002fb4      0x270 Drivers/STM32F3xx_HAL_Driver/Src/stm32f3xx_hal_uart.o
                0x0000000008002fb4                UART_SetConfig
 .text.UART_AdvFeatureConfig
                0x0000000008003224      0x144 Drivers/STM32F3xx_HAL_Driver/Src/stm32f3xx_hal_uart.o
                0x0000000008003224                UART_AdvFeatureConfig
 .text.UART_CheckIdleState
                0x0000000008003368       0x92 Drivers/STM32F3xx_HAL_Driver/Src/stm32f3xx_hal_uart.o
                0x0000000008003368                UART_CheckIdleState
 .text.UART_WaitOnFlagUntilTimeout
                0x00000000080033fa       0xf8 Drivers/STM32F3xx_HAL_Driver/Src/stm32f3xx_hal_uart.o
                0x00000000080033fa                UART_WaitOnFlagUntilTimeout
 *fill*         0x00000000080034f2        0x2 
 .text.__libc_init_array
                0x00000000080034f4       0x48 c:/st/stm32cubeide_1.5.1/stm32cubeide/plugins/com.st.stm32cube.ide.mcu.externaltools.gnu-tools-for-stm32.7-2018-q2-update.win32_1.5.0.202011040924/tools/bin/../lib/gcc/arm-none-eabi/7.3.1/../../../../arm-none-eabi/lib/thumb/v7e-m/fpv4-sp/hard\libc_nano.a(lib_a-init.o)
                0x00000000080034f4                __libc_init_array
 .text.memset   0x000000000800353c       0x10 c:/st/stm32cubeide_1.5.1/stm32cubeide/plugins/com.st.stm32cube.ide.mcu.externaltools.gnu-tools-for-stm32.7-2018-q2-update.win32_1.5.0.202011040924/tools/bin/../lib/gcc/arm-none-eabi/7.3.1/../../../../arm-none-eabi/lib/thumb/v7e-m/fpv4-sp/hard\libc_nano.a(lib_a-memset.o)
                0x000000000800353c                memset
 *(.glue_7)
 .glue_7        0x000000000800354c        0x0 linker stubs
 *(.glue_7t)
 .glue_7t       0x000000000800354c        0x0 linker stubs
 *(.eh_frame)
 .eh_frame      0x000000000800354c        0x0 c:/st/stm32cubeide_1.5.1/stm32cubeide/plugins/com.st.stm32cube.ide.mcu.externaltools.gnu-tools-for-stm32.7-2018-q2-update.win32_1.5.0.202011040924/tools/bin/../lib/gcc/arm-none-eabi/7.3.1/thumb/v7e-m/fpv4-sp/hard/crtbegin.o
 *(.init)
 .init          0x000000000800354c        0x4 c:/st/stm32cubeide_1.5.1/stm32cubeide/plugins/com.st.stm32cube.ide.mcu.externaltools.gnu-tools-for-stm32.7-2018-q2-update.win32_1.5.0.202011040924/tools/bin/../lib/gcc/arm-none-eabi/7.3.1/thumb/v7e-m/fpv4-sp/hard/crti.o
                0x000000000800354c                _init
 .init          0x0000000008003550        0x8 c:/st/stm32cubeide_1.5.1/stm32cubeide/plugins/com.st.stm32cube.ide.mcu.externaltools.gnu-tools-for-stm32.7-2018-q2-update.win32_1.5.0.202011040924/tools/bin/../lib/gcc/arm-none-eabi/7.3.1/thumb/v7e-m/fpv4-sp/hard/crtn.o
 *(.fini)
 .fini          0x0000000008003558        0x4 c:/st/stm32cubeide_1.5.1/stm32cubeide/plugins/com.st.stm32cube.ide.mcu.externaltools.gnu-tools-for-stm32.7-2018-q2-update.win32_1.5.0.202011040924/tools/bin/../lib/gcc/arm-none-eabi/7.3.1/thumb/v7e-m/fpv4-sp/hard/crti.o
                0x0000000008003558                _fini
 .fini          0x000000000800355c        0x8 c:/st/stm32cubeide_1.5.1/stm32cubeide/plugins/com.st.stm32cube.ide.mcu.externaltools.gnu-tools-for-stm32.7-2018-q2-update.win32_1.5.0.202011040924/tools/bin/../lib/gcc/arm-none-eabi/7.3.1/thumb/v7e-m/fpv4-sp/hard/crtn.o
                0x0000000008003564                . = ALIGN (0x4)
                0x0000000008003564                _etext = .

.vfp11_veneer   0x0000000008003564        0x0
 .vfp11_veneer  0x0000000008003564        0x0 linker stubs

.v4_bx          0x0000000008003564        0x0
 .v4_bx         0x0000000008003564        0x0 linker stubs

.iplt           0x0000000008003564        0x0
 .iplt          0x0000000008003564        0x0 c:/st/stm32cubeide_1.5.1/stm32cubeide/plugins/com.st.stm32cube.ide.mcu.externaltools.gnu-tools-for-stm32.7-2018-q2-update.win32_1.5.0.202011040924/tools/bin/../lib/gcc/arm-none-eabi/7.3.1/thumb/v7e-m/fpv4-sp/hard/crtbegin.o

.rodata         0x0000000008003564      0x128
                0x0000000008003564                . = ALIGN (0x4)
 *(.rodata)
 .rodata        0x0000000008003564       0xf0 Core/Src/main.o
 *(.rodata*)
 .rodata.AHBPrescTable
                0x0000000008003654       0x10 Core/Src/system_stm32f3xx.o
                0x0000000008003654                AHBPrescTable
 .rodata.APBPrescTable
                0x0000000008003664        0x8 Core/Src/system_stm32f3xx.o
                0x0000000008003664                APBPrescTable
 .rodata.aPLLMULFactorTable
                0x000000000800366c       0x10 Drivers/STM32F3xx_HAL_Driver/Src/stm32f3xx_hal_rcc.o
                0x000000000800366c                aPLLMULFactorTable
 .rodata.aPredivFactorTable
                0x000000000800367c       0x10 Drivers/STM32F3xx_HAL_Driver/Src/stm32f3xx_hal_rcc.o
                0x000000000800367c                aPredivFactorTable
                0x000000000800368c                . = ALIGN (0x4)

.rel.dyn        0x000000000800368c        0x0
 .rel.iplt      0x000000000800368c        0x0 c:/st/stm32cubeide_1.5.1/stm32cubeide/plugins/com.st.stm32cube.ide.mcu.externaltools.gnu-tools-for-stm32.7-2018-q2-update.win32_1.5.0.202011040924/tools/bin/../lib/gcc/arm-none-eabi/7.3.1/thumb/v7e-m/fpv4-sp/hard/crtbegin.o

.ARM.extab      0x000000000800368c        0x0
                0x000000000800368c                . = ALIGN (0x4)
 *(.ARM.extab* .gnu.linkonce.armextab.*)
                0x000000000800368c                . = ALIGN (0x4)

.ARM            0x000000000800368c        0x0
                0x000000000800368c                . = ALIGN (0x4)
                0x000000000800368c                __exidx_start = .
 *(.ARM.exidx*)
                0x000000000800368c                __exidx_end = .
                0x000000000800368c                . = ALIGN (0x4)

.preinit_array  0x000000000800368c        0x0
                0x000000000800368c                . = ALIGN (0x4)
                0x000000000800368c                PROVIDE (__preinit_array_start = .)
 *(.preinit_array*)
                0x000000000800368c                PROVIDE (__preinit_array_end = .)
                0x000000000800368c                . = ALIGN (0x4)

.init_array     0x000000000800368c        0x4
                0x000000000800368c                . = ALIGN (0x4)
                0x000000000800368c                PROVIDE (__init_array_start = .)
 *(SORT_BY_NAME(.init_array.*))
 *(.init_array*)
 .init_array    0x000000000800368c        0x4 c:/st/stm32cubeide_1.5.1/stm32cubeide/plugins/com.st.stm32cube.ide.mcu.externaltools.gnu-tools-for-stm32.7-2018-q2-update.win32_1.5.0.202011040924/tools/bin/../lib/gcc/arm-none-eabi/7.3.1/thumb/v7e-m/fpv4-sp/hard/crtbegin.o
                0x0000000008003690                PROVIDE (__init_array_end = .)
                0x0000000008003690                . = ALIGN (0x4)

.fini_array     0x0000000008003690        0x4
                0x0000000008003690                . = ALIGN (0x4)
                [!provide]                        PROVIDE (__fini_array_start = .)
 *(SORT_BY_NAME(.fini_array.*))
 *(.fini_array*)
 .fini_array    0x0000000008003690        0x4 c:/st/stm32cubeide_1.5.1/stm32cubeide/plugins/com.st.stm32cube.ide.mcu.externaltools.gnu-tools-for-stm32.7-2018-q2-update.win32_1.5.0.202011040924/tools/bin/../lib/gcc/arm-none-eabi/7.3.1/thumb/v7e-m/fpv4-sp/hard/crtbegin.o
                [!provide]                        PROVIDE (__fini_array_end = .)
                0x0000000008003694                . = ALIGN (0x4)
                0x0000000008003694                _sidata = LOADADDR (.data)

.data           0x0000000020000000        0xc load address 0x0000000008003694
                0x0000000020000000                . = ALIGN (0x4)
                0x0000000020000000                _sdata = .
 *(.data)
 *(.data*)
 .data.SystemCoreClock
                0x0000000020000000        0x4 Core/Src/system_stm32f3xx.o
                0x0000000020000000                SystemCoreClock
 .data.uwTickPrio
                0x0000000020000004        0x4 Drivers/STM32F3xx_HAL_Driver/Src/stm32f3xx_hal.o
                0x0000000020000004                uwTickPrio
 .data.uwTickFreq
                0x0000000020000008        0x1 Drivers/STM32F3xx_HAL_Driver/Src/stm32f3xx_hal.o
                0x0000000020000008                uwTickFreq
                0x000000002000000c                . = ALIGN (0x4)
 *fill*         0x0000000020000009        0x3 
                0x000000002000000c                _edata = .

.igot.plt       0x000000002000000c        0x0 load address 0x00000000080036a0
 .igot.plt      0x000000002000000c        0x0 c:/st/stm32cubeide_1.5.1/stm32cubeide/plugins/com.st.stm32cube.ide.mcu.externaltools.gnu-tools-for-stm32.7-2018-q2-update.win32_1.5.0.202011040924/tools/bin/../lib/gcc/arm-none-eabi/7.3.1/thumb/v7e-m/fpv4-sp/hard/crtbegin.o
                0x000000002000000c                . = ALIGN (0x4)

.bss            0x000000002000000c      0x140 load address 0x00000000080036a0
                0x000000002000000c                _sbss = .
                0x000000002000000c                __bss_start__ = _sbss
 *(.bss)
 .bss           0x000000002000000c       0x1c c:/st/stm32cubeide_1.5.1/stm32cubeide/plugins/com.st.stm32cube.ide.mcu.externaltools.gnu-tools-for-stm32.7-2018-q2-update.win32_1.5.0.202011040924/tools/bin/../lib/gcc/arm-none-eabi/7.3.1/thumb/v7e-m/fpv4-sp/hard/crtbegin.o
 *(.bss*)
 .bss.my_ID     0x0000000020000028        0x1 Core/Src/main.o
                0x0000000020000028                my_ID
 *(COMMON)
 *fill*         0x0000000020000029        0x3 
 COMMON         0x000000002000002c      0x11c Core/Src/main.o
                0x000000002000002c                sFilterConfig
                0x0000000020000054                my_car_status_packet
                0x000000002000005c                my_session_packet
                0x0000000020000060                my_car_telemetry_packet
                0x0000000020000068                Rbuffer
                0x0000000020000070                hcan
                0x0000000020000098                my_lap_data_packet
                0x00000000200000a0                DEBUGbuffer
                0x00000000200000a8                huart1
                0x000000002000012c                RxHeader
 COMMON         0x0000000020000148        0x4 Drivers/STM32F3xx_HAL_Driver/Src/stm32f3xx_hal.o
                0x0000000020000148                uwTick
                0x000000002000014c                . = ALIGN (0x4)
                0x000000002000014c                _ebss = .
                0x000000002000014c                __bss_end__ = _ebss

._user_heap_stack
                0x000000002000014c      0x604 load address 0x00000000080036a0
                0x0000000020000150                . = ALIGN (0x8)
 *fill*         0x000000002000014c        0x4 
                [!provide]                        PROVIDE (end = .)
                0x0000000020000150                PROVIDE (_end = .)
                0x0000000020000350                . = (. + _Min_Heap_Size)
 *fill*         0x0000000020000150      0x200 
                0x0000000020000750                . = (. + _Min_Stack_Size)
 *fill*         0x0000000020000350      0x400 
                0x0000000020000750                . = ALIGN (0x8)

/DISCARD/
 libc.a(*)
 libm.a(*)
 libgcc.a(*)

.ARM.attributes
                0x0000000000000000       0x30
 *(.ARM.attributes)
 .ARM.attributes
                0x0000000000000000       0x22 c:/st/stm32cubeide_1.5.1/stm32cubeide/plugins/com.st.stm32cube.ide.mcu.externaltools.gnu-tools-for-stm32.7-2018-q2-update.win32_1.5.0.202011040924/tools/bin/../lib/gcc/arm-none-eabi/7.3.1/thumb/v7e-m/fpv4-sp/hard/crti.o
 .ARM.attributes
                0x0000000000000022       0x34 c:/st/stm32cubeide_1.5.1/stm32cubeide/plugins/com.st.stm32cube.ide.mcu.externaltools.gnu-tools-for-stm32.7-2018-q2-update.win32_1.5.0.202011040924/tools/bin/../lib/gcc/arm-none-eabi/7.3.1/thumb/v7e-m/fpv4-sp/hard/crtbegin.o
 .ARM.attributes
                0x0000000000000056       0x39 Core/Src/main.o
 .ARM.attributes
                0x000000000000008f       0x39 Core/Src/stm32f3xx_hal_msp.o
 .ARM.attributes
                0x00000000000000c8       0x39 Core/Src/stm32f3xx_it.o
 .ARM.attributes
                0x0000000000000101       0x39 Core/Src/system_stm32f3xx.o
 .ARM.attributes
                0x000000000000013a       0x21 Core/Startup/startup_stm32f334r8tx.o
 .ARM.attributes
                0x000000000000015b       0x39 Drivers/STM32F3xx_HAL_Driver/Src/stm32f3xx_hal.o
 .ARM.attributes
                0x0000000000000194       0x39 Drivers/STM32F3xx_HAL_Driver/Src/stm32f3xx_hal_can.o
 .ARM.attributes
                0x00000000000001cd       0x39 Drivers/STM32F3xx_HAL_Driver/Src/stm32f3xx_hal_cortex.o
 .ARM.attributes
                0x0000000000000206       0x39 Drivers/STM32F3xx_HAL_Driver/Src/stm32f3xx_hal_gpio.o
 .ARM.attributes
                0x000000000000023f       0x39 Drivers/STM32F3xx_HAL_Driver/Src/stm32f3xx_hal_rcc.o
 .ARM.attributes
                0x0000000000000278       0x39 Drivers/STM32F3xx_HAL_Driver/Src/stm32f3xx_hal_rcc_ex.o
 .ARM.attributes
                0x00000000000002b1       0x39 Drivers/STM32F3xx_HAL_Driver/Src/stm32f3xx_hal_uart.o
 .ARM.attributes
                0x00000000000002ea       0x34 c:/st/stm32cubeide_1.5.1/stm32cubeide/plugins/com.st.stm32cube.ide.mcu.externaltools.gnu-tools-for-stm32.7-2018-q2-update.win32_1.5.0.202011040924/tools/bin/../lib/gcc/arm-none-eabi/7.3.1/../../../../arm-none-eabi/lib/thumb/v7e-m/fpv4-sp/hard\libc_nano.a(lib_a-init.o)
 .ARM.attributes
                0x000000000000031e       0x34 c:/st/stm32cubeide_1.5.1/stm32cubeide/plugins/com.st.stm32cube.ide.mcu.externaltools.gnu-tools-for-stm32.7-2018-q2-update.win32_1.5.0.202011040924/tools/bin/../lib/gcc/arm-none-eabi/7.3.1/../../../../arm-none-eabi/lib/thumb/v7e-m/fpv4-sp/hard\libc_nano.a(lib_a-memset.o)
 .ARM.attributes
                0x0000000000000352       0x22 c:/st/stm32cubeide_1.5.1/stm32cubeide/plugins/com.st.stm32cube.ide.mcu.externaltools.gnu-tools-for-stm32.7-2018-q2-update.win32_1.5.0.202011040924/tools/bin/../lib/gcc/arm-none-eabi/7.3.1/thumb/v7e-m/fpv4-sp/hard/crtn.o
OUTPUT(EE5_STMF3.elf elf32-littlearm)

.debug_info     0x0000000000000000     0xad4c
 .debug_info    0x0000000000000000     0x1ca0 Core/Src/main.o
 .debug_info    0x0000000000001ca0     0x16cd Core/Src/stm32f3xx_hal_msp.o
 .debug_info    0x000000000000336d     0x163f Core/Src/stm32f3xx_it.o
 .debug_info    0x00000000000049ac      0x45c Core/Src/system_stm32f3xx.o
 .debug_info    0x0000000000004e08       0x22 Core/Startup/startup_stm32f334r8tx.o
 .debug_info    0x0000000000004e2a      0x782 Drivers/STM32F3xx_HAL_Driver/Src/stm32f3xx_hal.o
 .debug_info    0x00000000000055ac      0xf9b Drivers/STM32F3xx_HAL_Driver/Src/stm32f3xx_hal_can.o
 .debug_info    0x0000000000006547      0xb7e Drivers/STM32F3xx_HAL_Driver/Src/stm32f3xx_hal_cortex.o
 .debug_info    0x00000000000070c5      0x7c1 Drivers/STM32F3xx_HAL_Driver/Src/stm32f3xx_hal_gpio.o
 .debug_info    0x0000000000007886     0x180f Drivers/STM32F3xx_HAL_Driver/Src/stm32f3xx_hal_rcc.o
 .debug_info    0x0000000000009095      0x615 Drivers/STM32F3xx_HAL_Driver/Src/stm32f3xx_hal_rcc_ex.o
 .debug_info    0x00000000000096aa     0x16a2 Drivers/STM32F3xx_HAL_Driver/Src/stm32f3xx_hal_uart.o

.debug_abbrev   0x0000000000000000     0x170c
 .debug_abbrev  0x0000000000000000      0x2b9 Core/Src/main.o
 .debug_abbrev  0x00000000000002b9      0x213 Core/Src/stm32f3xx_hal_msp.o
 .debug_abbrev  0x00000000000004cc      0x1ff Core/Src/stm32f3xx_it.o
 .debug_abbrev  0x00000000000006cb      0x12b Core/Src/system_stm32f3xx.o
 .debug_abbrev  0x00000000000007f6       0x12 Core/Startup/startup_stm32f334r8tx.o
 .debug_abbrev  0x0000000000000808      0x1c7 Drivers/STM32F3xx_HAL_Driver/Src/stm32f3xx_hal.o
 .debug_abbrev  0x00000000000009cf      0x1ff Drivers/STM32F3xx_HAL_Driver/Src/stm32f3xx_hal_can.o
 .debug_abbrev  0x0000000000000bce      0x2d5 Drivers/STM32F3xx_HAL_Driver/Src/stm32f3xx_hal_cortex.o
 .debug_abbrev  0x0000000000000ea3      0x1c0 Drivers/STM32F3xx_HAL_Driver/Src/stm32f3xx_hal_gpio.o
 .debug_abbrev  0x0000000000001063      0x28c Drivers/STM32F3xx_HAL_Driver/Src/stm32f3xx_hal_rcc.o
 .debug_abbrev  0x00000000000012ef      0x208 Drivers/STM32F3xx_HAL_Driver/Src/stm32f3xx_hal_rcc_ex.o
 .debug_abbrev  0x00000000000014f7      0x215 Drivers/STM32F3xx_HAL_Driver/Src/stm32f3xx_hal_uart.o

.debug_aranges  0x0000000000000000      0x7a8
 .debug_aranges
                0x0000000000000000       0x50 Core/Src/main.o
 .debug_aranges
                0x0000000000000050       0x40 Core/Src/stm32f3xx_hal_msp.o
 .debug_aranges
                0x0000000000000090       0x70 Core/Src/stm32f3xx_it.o
 .debug_aranges
                0x0000000000000100       0x28 Core/Src/system_stm32f3xx.o
 .debug_aranges
                0x0000000000000128       0x28 Core/Startup/startup_stm32f334r8tx.o
 .debug_aranges
                0x0000000000000150       0xe0 Drivers/STM32F3xx_HAL_Driver/Src/stm32f3xx_hal.o
 .debug_aranges
                0x0000000000000230      0x138 Drivers/STM32F3xx_HAL_Driver/Src/stm32f3xx_hal_can.o
 .debug_aranges
                0x0000000000000368      0x100 Drivers/STM32F3xx_HAL_Driver/Src/stm32f3xx_hal_cortex.o
 .debug_aranges
                0x0000000000000468       0x58 Drivers/STM32F3xx_HAL_Driver/Src/stm32f3xx_hal_gpio.o
 .debug_aranges
                0x00000000000004c0       0x88 Drivers/STM32F3xx_HAL_Driver/Src/stm32f3xx_hal_rcc.o
 .debug_aranges
                0x0000000000000548       0x38 Drivers/STM32F3xx_HAL_Driver/Src/stm32f3xx_hal_rcc_ex.o
 .debug_aranges
                0x0000000000000580      0x228 Drivers/STM32F3xx_HAL_Driver/Src/stm32f3xx_hal_uart.o

.debug_ranges   0x0000000000000000      0x720
 .debug_ranges  0x0000000000000000       0x40 Core/Src/main.o
 .debug_ranges  0x0000000000000040       0x30 Core/Src/stm32f3xx_hal_msp.o
 .debug_ranges  0x0000000000000070       0x60 Core/Src/stm32f3xx_it.o
 .debug_ranges  0x00000000000000d0       0x18 Core/Src/system_stm32f3xx.o
 .debug_ranges  0x00000000000000e8       0x20 Core/Startup/startup_stm32f334r8tx.o
 .debug_ranges  0x0000000000000108       0xd0 Drivers/STM32F3xx_HAL_Driver/Src/stm32f3xx_hal.o
 .debug_ranges  0x00000000000001d8      0x128 Drivers/STM32F3xx_HAL_Driver/Src/stm32f3xx_hal_can.o
 .debug_ranges  0x0000000000000300       0xf0 Drivers/STM32F3xx_HAL_Driver/Src/stm32f3xx_hal_cortex.o
 .debug_ranges  0x00000000000003f0       0x48 Drivers/STM32F3xx_HAL_Driver/Src/stm32f3xx_hal_gpio.o
 .debug_ranges  0x0000000000000438       0x78 Drivers/STM32F3xx_HAL_Driver/Src/stm32f3xx_hal_rcc.o
 .debug_ranges  0x00000000000004b0       0x28 Drivers/STM32F3xx_HAL_Driver/Src/stm32f3xx_hal_rcc_ex.o
 .debug_ranges  0x00000000000004d8      0x248 Drivers/STM32F3xx_HAL_Driver/Src/stm32f3xx_hal_uart.o

.debug_macro    0x0000000000000000    0x1f05d
 .debug_macro   0x0000000000000000      0x29d Core/Src/main.o
 .debug_macro   0x000000000000029d      0xa5a Core/Src/main.o
 .debug_macro   0x0000000000000cf7      0x157 Core/Src/main.o
 .debug_macro   0x0000000000000e4e       0x2e Core/Src/main.o
 .debug_macro   0x0000000000000e7c       0x28 Core/Src/main.o
 .debug_macro   0x0000000000000ea4       0x22 Core/Src/main.o
 .debug_macro   0x0000000000000ec6       0x8e Core/Src/main.o
 .debug_macro   0x0000000000000f54       0x51 Core/Src/main.o
 .debug_macro   0x0000000000000fa5       0xef Core/Src/main.o
 .debug_macro   0x0000000000001094       0x6a Core/Src/main.o
 .debug_macro   0x00000000000010fe      0x1df Core/Src/main.o
 .debug_macro   0x00000000000012dd       0x1c Core/Src/main.o
 .debug_macro   0x00000000000012f9       0x22 Core/Src/main.o
 .debug_macro   0x000000000000131b       0xdf Core/Src/main.o
 .debug_macro   0x00000000000013fa      0xf07 Core/Src/main.o
 .debug_macro   0x0000000000002301    0x15464 Core/Src/main.o
 .debug_macro   0x0000000000017765       0x43 Core/Src/main.o
 .debug_macro   0x00000000000177a8     0x35e9 Core/Src/main.o
 .debug_macro   0x000000000001ad91      0x174 Core/Src/main.o
 .debug_macro   0x000000000001af05       0x55 Core/Src/main.o
 .debug_macro   0x000000000001af5a      0x8f9 Core/Src/main.o
 .debug_macro   0x000000000001b853      0x358 Core/Src/main.o
 .debug_macro   0x000000000001bbab      0x12f Core/Src/main.o
 .debug_macro   0x000000000001bcda      0x130 Core/Src/main.o
 .debug_macro   0x000000000001be0a      0x1d5 Core/Src/main.o
 .debug_macro   0x000000000001bfdf      0x1bc Core/Src/main.o
 .debug_macro   0x000000000001c19b       0x34 Core/Src/main.o
 .debug_macro   0x000000000001c1cf       0x3c Core/Src/main.o
 .debug_macro   0x000000000001c20b       0x57 Core/Src/main.o
 .debug_macro   0x000000000001c262      0x408 Core/Src/main.o
 .debug_macro   0x000000000001c66a       0xc5 Core/Src/main.o
 .debug_macro   0x000000000001c72f      0x19f Core/Src/main.o
 .debug_macro   0x000000000001c8ce      0x22c Core/Src/main.o
 .debug_macro   0x000000000001cafa       0x5b Core/Src/main.o
 .debug_macro   0x000000000001cb55       0xa5 Core/Src/main.o
 .debug_macro   0x000000000001cbfa       0x81 Core/Src/main.o
 .debug_macro   0x000000000001cc7b       0xd3 Core/Src/main.o
 .debug_macro   0x000000000001cd4e      0x5a5 Core/Src/main.o
 .debug_macro   0x000000000001d2f3       0x44 Core/Src/main.o
 .debug_macro   0x000000000001d337      0x2a1 Core/Src/main.o
 .debug_macro   0x000000000001d5d8       0x46 Core/Src/main.o
 .debug_macro   0x000000000001d61e       0x18 Core/Src/main.o
 .debug_macro   0x000000000001d636       0x3c Core/Src/main.o
 .debug_macro   0x000000000001d672       0x34 Core/Src/main.o
 .debug_macro   0x000000000001d6a6       0x52 Core/Src/main.o
 .debug_macro   0x000000000001d6f8       0x1f Core/Src/main.o
 .debug_macro   0x000000000001d717       0x43 Core/Src/main.o
 .debug_macro   0x000000000001d75a       0x20 Core/Src/main.o
 .debug_macro   0x000000000001d77a      0x1a3 Core/Src/main.o
 .debug_macro   0x000000000001d91d      0x32a Core/Src/main.o
 .debug_macro   0x000000000001dc47       0x10 Core/Src/main.o
 .debug_macro   0x000000000001dc57       0x35 Core/Src/main.o
 .debug_macro   0x000000000001dc8c       0x20 Core/Src/main.o
 .debug_macro   0x000000000001dcac      0x291 Core/Src/stm32f3xx_hal_msp.o
 .debug_macro   0x000000000001df3d      0x29b Core/Src/stm32f3xx_it.o
 .debug_macro   0x000000000001e1d8      0x1bc Core/Src/system_stm32f3xx.o
 .debug_macro   0x000000000001e394      0x1e0 Drivers/STM32F3xx_HAL_Driver/Src/stm32f3xx_hal.o
 .debug_macro   0x000000000001e574      0x1c4 Drivers/STM32F3xx_HAL_Driver/Src/stm32f3xx_hal_can.o
 .debug_macro   0x000000000001e738      0x1bc Drivers/STM32F3xx_HAL_Driver/Src/stm32f3xx_hal_cortex.o
 .debug_macro   0x000000000001e8f4      0x1f4 Drivers/STM32F3xx_HAL_Driver/Src/stm32f3xx_hal_gpio.o
 .debug_macro   0x000000000001eae8      0x1e0 Drivers/STM32F3xx_HAL_Driver/Src/stm32f3xx_hal_rcc.o
 .debug_macro   0x000000000001ecc8      0x1bc Drivers/STM32F3xx_HAL_Driver/Src/stm32f3xx_hal_rcc_ex.o
 .debug_macro   0x000000000001ee84      0x1d9 Drivers/STM32F3xx_HAL_Driver/Src/stm32f3xx_hal_uart.o

.debug_line     0x0000000000000000     0x7131
 .debug_line    0x0000000000000000      0x983 Core/Src/main.o
 .debug_line    0x0000000000000983      0x8c6 Core/Src/stm32f3xx_hal_msp.o
 .debug_line    0x0000000000001249      0x947 Core/Src/stm32f3xx_it.o
 .debug_line    0x0000000000001b90      0x6e0 Core/Src/system_stm32f3xx.o
 .debug_line    0x0000000000002270       0x88 Core/Startup/startup_stm32f334r8tx.o
 .debug_line    0x00000000000022f8      0x89e Drivers/STM32F3xx_HAL_Driver/Src/stm32f3xx_hal.o
 .debug_line    0x0000000000002b96      0xb6a Drivers/STM32F3xx_HAL_Driver/Src/stm32f3xx_hal_can.o
 .debug_line    0x0000000000003700      0x975 Drivers/STM32F3xx_HAL_Driver/Src/stm32f3xx_hal_cortex.o
 .debug_line    0x0000000000004075      0x83d Drivers/STM32F3xx_HAL_Driver/Src/stm32f3xx_hal_gpio.o
 .debug_line    0x00000000000048b2      0xe16 Drivers/STM32F3xx_HAL_Driver/Src/stm32f3xx_hal_rcc.o
 .debug_line    0x00000000000056c8      0x886 Drivers/STM32F3xx_HAL_Driver/Src/stm32f3xx_hal_rcc_ex.o
 .debug_line    0x0000000000005f4e     0x11e3 Drivers/STM32F3xx_HAL_Driver/Src/stm32f3xx_hal_uart.o

.debug_str      0x0000000000000000    0xb9309
 .debug_str     0x0000000000000000    0xb77a4 Core/Src/main.o
                                      0xb7cab (size before relaxing)
 .debug_str     0x00000000000b77a4       0x78 Core/Src/stm32f3xx_hal_msp.o
                                      0xb7725 (size before relaxing)
 .debug_str     0x00000000000b781c      0x131 Core/Src/stm32f3xx_it.o
                                      0xb7615 (size before relaxing)
 .debug_str     0x00000000000b794d       0xb3 Core/Src/system_stm32f3xx.o
                                      0xb3d8a (size before relaxing)
 .debug_str     0x00000000000b7a00       0x36 Core/Startup/startup_stm32f334r8tx.o
                                         0x77 (size before relaxing)
 .debug_str     0x00000000000b7a36      0x317 Drivers/STM32F3xx_HAL_Driver/Src/stm32f3xx_hal.o
                                      0xb4450 (size before relaxing)
 .debug_str     0x00000000000b7d4d      0x491 Drivers/STM32F3xx_HAL_Driver/Src/stm32f3xx_hal_can.o
                                      0xb4531 (size before relaxing)
 .debug_str     0x00000000000b81de      0x284 Drivers/STM32F3xx_HAL_Driver/Src/stm32f3xx_hal_cortex.o
                                      0xb4431 (size before relaxing)
 .debug_str     0x00000000000b8462      0x278 Drivers/STM32F3xx_HAL_Driver/Src/stm32f3xx_hal_gpio.o
                                      0xb4062 (size before relaxing)
 .debug_str     0x00000000000b86da      0x2e9 Drivers/STM32F3xx_HAL_Driver/Src/stm32f3xx_hal_rcc.o
                                      0xb41f8 (size before relaxing)
 .debug_str     0x00000000000b89c3       0xd8 Drivers/STM32F3xx_HAL_Driver/Src/stm32f3xx_hal_rcc_ex.o
                                      0xb3f21 (size before relaxing)
 .debug_str     0x00000000000b8a9b      0x86e Drivers/STM32F3xx_HAL_Driver/Src/stm32f3xx_hal_uart.o
                                      0xb49e5 (size before relaxing)

.comment        0x0000000000000000       0x7b
 .comment       0x0000000000000000       0x7b Core/Src/main.o
                                         0x7c (size before relaxing)
 .comment       0x000000000000007b       0x7c Core/Src/stm32f3xx_hal_msp.o
 .comment       0x000000000000007b       0x7c Core/Src/stm32f3xx_it.o
 .comment       0x000000000000007b       0x7c Core/Src/system_stm32f3xx.o
 .comment       0x000000000000007b       0x7c Drivers/STM32F3xx_HAL_Driver/Src/stm32f3xx_hal.o
 .comment       0x000000000000007b       0x7c Drivers/STM32F3xx_HAL_Driver/Src/stm32f3xx_hal_can.o
 .comment       0x000000000000007b       0x7c Drivers/STM32F3xx_HAL_Driver/Src/stm32f3xx_hal_cortex.o
 .comment       0x000000000000007b       0x7c Drivers/STM32F3xx_HAL_Driver/Src/stm32f3xx_hal_gpio.o
 .comment       0x000000000000007b       0x7c Drivers/STM32F3xx_HAL_Driver/Src/stm32f3xx_hal_rcc.o
 .comment       0x000000000000007b       0x7c Drivers/STM32F3xx_HAL_Driver/Src/stm32f3xx_hal_rcc_ex.o
 .comment       0x000000000000007b       0x7c Drivers/STM32F3xx_HAL_Driver/Src/stm32f3xx_hal_uart.o

.debug_frame    0x0000000000000000     0x1e90
 .debug_frame   0x0000000000000000       0xf4 Core/Src/main.o
 .debug_frame   0x00000000000000f4       0xc4 Core/Src/stm32f3xx_hal_msp.o
 .debug_frame   0x00000000000001b8      0x144 Core/Src/stm32f3xx_it.o
 .debug_frame   0x00000000000002fc       0x58 Core/Src/system_stm32f3xx.o
 .debug_frame   0x0000000000000354      0x334 Drivers/STM32F3xx_HAL_Driver/Src/stm32f3xx_hal.o
 .debug_frame   0x0000000000000688      0x5a0 Drivers/STM32F3xx_HAL_Driver/Src/stm32f3xx_hal_can.o
 .debug_frame   0x0000000000000c28      0x428 Drivers/STM32F3xx_HAL_Driver/Src/stm32f3xx_hal_cortex.o
 .debug_frame   0x0000000000001050      0x14c Drivers/STM32F3xx_HAL_Driver/Src/stm32f3xx_hal_gpio.o
 .debug_frame   0x000000000000119c      0x214 Drivers/STM32F3xx_HAL_Driver/Src/stm32f3xx_hal_rcc.o
 .debug_frame   0x00000000000013b0       0xb4 Drivers/STM32F3xx_HAL_Driver/Src/stm32f3xx_hal_rcc_ex.o
 .debug_frame   0x0000000000001464      0x9e0 Drivers/STM32F3xx_HAL_Driver/Src/stm32f3xx_hal_uart.o
 .debug_frame   0x0000000000001e44       0x2c c:/st/stm32cubeide_1.5.1/stm32cubeide/plugins/com.st.stm32cube.ide.mcu.externaltools.gnu-tools-for-stm32.7-2018-q2-update.win32_1.5.0.202011040924/tools/bin/../lib/gcc/arm-none-eabi/7.3.1/../../../../arm-none-eabi/lib/thumb/v7e-m/fpv4-sp/hard\libc_nano.a(lib_a-init.o)
 .debug_frame   0x0000000000001e70       0x20 c:/st/stm32cubeide_1.5.1/stm32cubeide/plugins/com.st.stm32cube.ide.mcu.externaltools.gnu-tools-for-stm32.7-2018-q2-update.win32_1.5.0.202011040924/tools/bin/../lib/gcc/arm-none-eabi/7.3.1/../../../../arm-none-eabi/lib/thumb/v7e-m/fpv4-sp/hard\libc_nano.a(lib_a-memset.o)
