stm32f3xx_it.c:79:6:NMI_Handler	4	static
stm32f3xx_it.c:92:6:HardFault_Handler	4	static
stm32f3xx_it.c:105:6:MemManage_Handler	4	static
stm32f3xx_it.c:118:6:BusFault_Handler	4	static
stm32f3xx_it.c:131:6:UsageFault_Handler	4	static
stm32f3xx_it.c:144:6:SVC_Handler	4	static
stm32f3xx_it.c:156:6:DebugMon_Handler	4	static
stm32f3xx_it.c:168:6:PendSV_Handler	4	static
stm32f3xx_it.c:180:6:SysTick_Handler	8	static
stm32f3xx_it.c:200:6:CAN_RX0_IRQHandler	16	static
stm32f3xx_it.c:249:6:EXTI15_10_IRQHandler	8	static
